// Jest Snapshot v1, https://goo.gl/fbAQLP

exports[`Player: on \`request\` single page Respond when resource is image and allowImageRecourses=true 1`] = `
[MockFunction] {
  "calls": Array [
    Array [
      Object {
        "body": "{}",
        "headers": Object {
          "content-type": "application/json",
        },
        "status": 200,
      },
    ],
  ],
  "results": Array [
    Object {
      "isThrow": false,
      "value": undefined,
    },
  ],
}
`;
