// Jest Snapshot v1, https://goo.gl/fbAQLP

exports[`Recorder: on \`response\` single page writes correct snapshot 1`] = `"[{\\"url\\":\\"http://www.example.com/x/?foo=bar\\",\\"fullPath\\":\\"http://www.example.com/x/\\",\\"minimalPath\\":\\"http://www.example.com/x\\",\\"query\\":{\\"foo\\":\\"bar\\"},\\"headers\\":{\\"content-type\\":\\"application/json\\"},\\"status\\":200,\\"method\\":\\"GET\\",\\"body\\":\\"{}\\"}]"`;
